week: '2019-10-28'
days:
- dl
- dm
- dx
- dj
- dv
hours:
- 09:00
- '10:15'
- '11:30'
- '12:45'
- '14:00'
turns:
- T1
- T2
- T3
- T4
- T5
- T6
timetable:
  dl:
  - - carles
    - joanb
    - joanm
    - guifre
    - pau
    - albertg
  - - joanm
    - joan
    - joanb
    - pau
    - guifre
    - monica
  - - tania
    - silvia
    - aram
    - mar
    - gemma
    - maite
  - - eloi
    - aram
    - gemma
    - albert
    - carme
    - tania
  dm:
  - - pau
    - gemma
    - mariona
    - joanm
    - aram
    - guifre
  - - monica
    - judith
    - eloi
    - joan
    - albertg
    - joanm
  - - eduard
    - maite
    - vane
    - carol
    - lucia
    - mar
  - - vane
    - carme
    - rogerlf
    - vero
    - carol
    - otilia
  dx:
  - - marc
    - lucia
    - carme
    - aram
    - judith
    - mariona
  - - carol
    - rogerlf
    - vero
    - eloi
    - maria
    - vane
  - - otilia
    - nuria
    - adria
    - albertg
    - monicag
    - roger
  - - erola
    - otilia
    - nuria
    - roger
    - adria
    - monicag
  dj:
  - - vero
    - adria
    - otilia
    - gemma
    - manel
    - rogerlf
  - - rogerlf
    - manel
    - gabriel
    - adria
    - vero
    - eloi
  - - roger
    - victor
    - monicag
    - vane
    - nuria
    - carme
  - - marta
    - monicag
    - roger
    - yaiza
    - sergi
    - nuria
  dv:
  - - festiu
    - festiu
    - festiu
    - festiu
    - festiu
    - festiu
  - - festiu
    - festiu
    - festiu
    - festiu
    - festiu
    - festiu
  - - festiu
    - festiu
    - festiu
    - festiu
    - festiu
    - festiu
  - - festiu
    - festiu
    - festiu
    - festiu
    - festiu
    - festiu
colors:
  marc: fbe8bc
  eduard: d8b9c5
  pere: ddeeff
  david: ffb500
  carles: c98e98
  marta: eb9481
  monica: 7fada0
  yaiza: ffffff
  erola: 876dd8
  manel: ff0084
  tania: c8abf4
  judit: e781e8
  silvia: 8097b8
  joan: fae080
  ana: ff6600
  victor: ff3233
  judith: 00ff00
  lucia: 9f24c2
  sergi: 8cf2df
  vic: 164aff
  mariona: '813400'
  gabriel: ffff00
  maite: 007877
  ningu: ffffff
  joanb: 8af47d
  maria: 00594d
  pau: e6f214
  carol: 94c703
  undefined: ddeeff
  viktu: ddeeff
  albert: f4f4f4
  oriol: a52513
  fran: 621bf1
  juanpe: ddeeff
  belen: 2892ff
  fcasadella: 10ee30
  salome: 00adff
  nuri: 17ef6f
  fcots: ff5a60
  annarodon: 009e7d
  alberto: 0074f0
  olga: ddeeff
  mar: 00ffff
  joanm: 2d93f2
  roger: 367c0f
  vane: bd00ff
  eloi: 9baec4
  annab: c1f3d7
  vero: ff0048
  projectes: ffffe7
  jordi: 2756ff
  xavi: ddeeff
  joana: c9ec80
  rogerlf: 00517d
  gemma: a6ba8c
  aram: 614d02
  benjami: 53ff14
  guifre: ff000e
  nuria: 00662a
  carme: 0000ff
  merce: f5447f
  albertg: fcdc05
  adria: b68f2f
  monicag: f44c3b
  otilia: 96b0ff
  contestado: 333c3a
  alex: ce6108
  javi: 79eeff
  albertsimo: cc00ff
  clara: 602fa7
  jaume: 74eb79
  cesar: ffffee
  davids: d8863d
  hermigg: ddbdf1
  cire: 994a00
  francesc: ddeeff
  berta: ddeeff
  yolanda: ddeeff
  joel: 00a28a
  polmonso: 76ff91
extensions:
  marta: '3040'
  monica: '3041'
  manel: '3042'
  erola: '3043'
  yaiza: '3044'
  eduard: '3051'
  marc: '3046'
  judit: '3047'
  tania: '3183'
  carles: '3045'
  pere: '3062'
  fran: '3008'
  david: '3054'
  silvia: '3055'
  joan: '3056'
  judith: '3057'
  ana: '3181'
  victor: '3182'
  lucia: '3184'
  vic: '3185'
  sergi: '3186'
  maite: '3187'
  gabriel: '3188'
  mariona: '3189'
  joanb: '3195'
  maria: '3039'
  pau: '3048'
  carol: '3049'
  viktu: '3006'
  albert: '3038'
  oriol: '3089'
  juanpe: '3194'
  belen: '3385'
  fcasadella: '3002'
  salome: '3003'
  nuri: '3889'
  fcots: '3015'
  annarodon: '3197'
  alberto: '3011'
  olga: '3088'
  mar: '3087'
  joanm: '3086'
  roger: '3085'
  vane: '3084'
  eloi: '3083'
  annab: '3082'
  vero: '3081'
  jordi: '3004'
  xavi: '3009'
  joana: '4001'
  rogerlf: '2902'
  gemma: '2903'
  aram: '2905'
  benjami: '3012'
  guifre: '2911'
  nuria: '2909'
  carme: '2904'
  merce: '2908'
  albertg: '2901'
  adria: '2907'
  monicag: '2906'
  otilia: '2910'
  contestado: '3193'
  alex: '3050'
  javi: '3383'
  albertsimo: '3013'
  clara: '3014'
  jaume: '3196'
  davids: '4003'
  hermigg: '3052'
  cire: '3065'
  berta: '3060'
  yolanda: '3061'
  joel: '3063'
  polmonso: '2912'
  francesc: '3017'
names:
  silvia: Sílvia
  monica: Mònica
  tania: Tània
  cesar: César
  victor: VíctorNA
  lucia: Lucía
  joanb: JoanB
  ningu: '-'
  joan: Joan
  carol: Càrol
  juanpe: Juan Pe
  belen: Belén
  fcasadella: FrancescCasadellà
  fcots: FrancescCots
  annarodon: AnnaRodon
  joanm: JoanM
  annab: Anna B
  eloi: 'Eloi '
  projectes: PROJECTES
  jordi: JordiP
  xavi: XaviDolz
  david: David G.
  salome: Salomé
  rogerlf: RogerLF
  guifre: Guifré
  merce: Mercè
  adria: Adrià
  monicag: Mònica G
  albertg: Albert GS
  albert: Albert M
  otilia: 'Otilia '
  nuria: Núria
  contestado: '>>>CONTESTADOR<<<'
  albertsimo: AlbertSi
  jaume: JaumeA
  davids: DavidS
  hermigg: Hermi
  polmonso: PolMonso
  francesc: Cesc
penalties:
- - 0
  - 'guifre fa dl a 1a hora que no li va be perque: "Bioritme de Tarda"'
- - 0
  - 'pau fa dl a 1a hora que no li va be perque: "Organització de la càrrega de feina
    i de les reunions"'
- - 5
  - albertg té altres 1 persones amb telèfon a la mateixa taula a 1a hora del dl
- - 1
  - joanm té més de 1 hores el dl
- - 1
  - joanb té més de 1 hores el dl
- - 0
  - 'pau fa dl a 2a hora que no li va be perque: "Organització de la càrrega de feina
    i de les reunions"'
- - 1
  - pau té més de 1 hores el dl
- - 5
  - pau té altres 1 persones amb telèfon a la mateixa taula a 2a hora del dl
- - 0
  - 'guifre fa dl a 2a hora que no li va be perque: "Reunions Traspàs Factura"'
- - 1
  - guifre té més de 1 hores el dl
- - 5
  - silvia té altres 1 persones amb telèfon a la mateixa taula a 3a hora del dl
- - 0
  - 'gemma fa dl a 3a hora que no li va be perque: "Telèfon a primera hora"'
- - 5
  - gemma té altres 1 persones amb telèfon a la mateixa taula a 3a hora del dl
- - 1
  - aram té més de 1 hores el dl
- - 0
  - 'gemma fa dl a 4a hora que no li va be perque: "Telèfon a primera hora"'
- - 1
  - gemma té més de 1 hores el dl
- - 1
  - tania té més de 1 hores el dl
- - 0
  - 'pau fa dm a 1a hora que no li va be perque: "Organització de la càrrega de feina
    i de les reunions"'
- - 5
  - aram té altres 1 persones amb telèfon a la mateixa taula a 1a hora del dm
- - 0
  - 'guifre fa dm a 1a hora que no li va be perque: "Bioritme de Tarda"'
- - 1
  - joanm té més de 1 hores el dm
- - 5
  - joanm té altres 1 persones amb telèfon a la mateixa taula a 2a hora del dm
- - 1
  - vane té més de 1 hores el dm
- - 1
  - carol té més de 1 hores el dm
- - 0
  - 'marc fa dx a 1a hora que no li va be perque: "Ronda IT"'
- - 0
  - 'maria fa dx a 2a hora que no li va be perque: "Altes"'
- - 5
  - vane té altres 1 persones amb telèfon a la mateixa taula a 2a hora del dx
- - 5
  - roger té altres 1 persones amb telèfon a la mateixa taula a 3a hora del dx
- - 1
  - otilia té més de 1 hores el dx
- - 1
  - nuria té més de 1 hores el dx
- - 1
  - roger té més de 1 hores el dx
- - 5
  - roger té altres 1 persones amb telèfon a la mateixa taula a 4a hora del dx
- - 1
  - adria té més de 1 hores el dx
- - 1
  - monicag té més de 1 hores el dx
- - 0
  - 'vero fa dj a 1a hora que no li va be perque: "Em resulta difícil arribar a les
    9h"'
- - 0
  - 'manel fa dj a 1a hora que no li va be perque: "Flexibilitat per compartir cotxe"'
- - 5
  - rogerlf té altres 1 persones amb telèfon a la mateixa taula a 1a hora del dj
- - 1
  - rogerlf té més de 1 hores el dj
- - 1
  - manel té més de 1 hores el dj
- - 1
  - adria té més de 1 hores el dj
- - 5
  - adria té altres 1 persones amb telèfon a la mateixa taula a 2a hora del dj
- - 1
  - vero té més de 1 hores el dj
- - 1
  - monicag té més de 1 hores el dj
- - 1
  - roger té més de 1 hores el dj
- - 5
  - yaiza té altres 1 persones amb telèfon a la mateixa taula a 4a hora del dj
- - 1
  - nuria té més de 1 hores el dj
cost: 82
